../Core/Src/main.c:82:5:main	176	static
../Core/Src/main.c:180:6:SystemClock_Config	88	static
../Core/Src/main.c:235:13:MX_USART3_UART_Init	8	static
../Core/Src/main.c:270:13:MX_GPIO_Init	56	static
../Core/Src/main.c:363:6:HAL_UART_RxCpltCallback	24	static
../Core/Src/main.c:388:6:StartDefaultTask	24	static
../Core/Src/main.c:411:6:StartTask02	16	static
../Core/Src/main.c:430:6:StartTask03	32	static
../Core/Src/main.c:456:6:StartTask04	32	static
../Core/Src/main.c:483:6:HAL_TIM_PeriodElapsedCallback	16	static
../Core/Src/main.c:500:6:Error_Handler	4	static,ignoring_inline_asm
